
> sps3@0.1.0 build
> next build

Γû▓ Next.js 16.1.6 (Turbopack)
- Environments: .env.local

node.exe : ΓÜá The "middleware" file convention is deprecated. 
Please use "proxy" instead. Learn more: 
https://nextjs.org/docs/messages/middleware-to-proxy
At line:1 char:1
+ & "C:\Program Files\nodejs/node.exe" "C:\Program 
Files\nodejs/node_mo ...
+ ~~~~~~~~~~~~~~~~~~~~~~~~~~~~~~~~~~~~~~~~~~~~~~~~~~~~~~~~~~~~~~~~~
~~~~
    + CategoryInfo          : NotSpecified: (ΓÜá The "middle...lew 
   are-to-proxy:String) [], RemoteException
    + FullyQualifiedErrorId : NativeCommandError
 
  Creating an optimized production build ...
Γ£ô Compiled successfully in 18.5s
  Running TypeScript ...
Failed to compile.

./scripts/update_password.ts:1:23
Type error: Cannot find module './lib/db' or its corresponding 
type declarations.

[0m[31m[1m>[22m[39m[90m 1 |[39m [36mimport[39m { query } 
[36mfrom[39m [32m'./lib/db'[39m[33m;[39m
 [90m   |[39m                       [31m[1m^[22m[39m
 [90m 2 |[39m
 [90m 3 |[39m [36masync[39m [36mfunction[39m 
updatePassword() {
 [90m 4 |[39m     [36mconst[39m hash [33m=[39m [32m'$2b$10$L
4DrZMeAzbf3dHS.Hu8.r.eInNFHiiJZNmchDcgCeO.DzIrqmCNQ.'[39m[33m;[3
9m [90m// hash for 'password123' used by admin[39m[0m
Next.js build worker exited with code: 1 and signal: null
